usage: _1_fastformer_trans_bpe.py [-h] [--train-manifest TRAIN_MANIFEST]
                                  [--val-manifest VAL_MANIFEST]
                                  [--test-manifest TEST_MANIFEST]
                                  [--tokenizer-dir TOKENIZER_DIR]
                                  [--vocab-size VOCAB_SIZE]
                                  [--spe-type {unigram,bpe}]
                                  [--lowercase-text] --base-config BASE_CONFIG
                                  [--size {small_0,small,medium,large}]
                                  [--epochs EPOCHS] [--devices DEVICES]
                                  [--precision {16,32,bf16}]
                                  [--batch-size BATCH_SIZE]
                                  [--accumulate-grad-batches ACCUMULATE_GRAD_BATCHES]
                                  [--max-duration MAX_DURATION]
                                  [--disable-specaug]
                                  [--init-from-nemo INIT_FROM_NEMO]
                                  [--resume-from-ckpt RESUME_FROM_CKPT]
                                  [--freeze-encoder-layers FREEZE_ENCODER_LAYERS]
                                  [--freeze-encoder-ratio FREEZE_ENCODER_RATIO]
                                  [--unfreeze-at-epoch UNFREEZE_AT_EPOCH]
                                  [--lr LR] [--min-lr MIN_LR]
                                  [--warmup-steps WARMUP_STEPS]
                                  [--grad-clip GRAD_CLIP]
                                  [--fastemit-lambda FASTEMIT_LAMBDA]
                                  [--exp-dir EXP_DIR] [--exp-name EXP_NAME]
                                  [--nemo NEMO | --ckpt CKPT] [--test-only]
_1_fastformer_trans_bpe.py: error: unrecognized arguments:  
usage: _1_fastformer_trans_bpe.py [-h] [--train-manifest TRAIN_MANIFEST]
                                  [--val-manifest VAL_MANIFEST]
                                  [--test-manifest TEST_MANIFEST]
                                  [--tokenizer-dir TOKENIZER_DIR]
                                  [--vocab-size VOCAB_SIZE]
                                  [--spe-type {unigram,bpe}]
                                  [--lowercase-text] --base-config BASE_CONFIG
                                  [--size {small_0,small,medium,large}]
                                  [--epochs EPOCHS] [--devices DEVICES]
                                  [--precision {16,32,bf16}]
                                  [--batch-size BATCH_SIZE]
                                  [--accumulate-grad-batches ACCUMULATE_GRAD_BATCHES]
                                  [--max-duration MAX_DURATION]
                                  [--disable-specaug]
                                  [--init-from-nemo INIT_FROM_NEMO]
                                  [--resume-from-ckpt RESUME_FROM_CKPT]
                                  [--freeze-encoder-layers FREEZE_ENCODER_LAYERS]
                                  [--freeze-encoder-ratio FREEZE_ENCODER_RATIO]
                                  [--unfreeze-at-epoch UNFREEZE_AT_EPOCH]
                                  [--lr LR] [--min-lr MIN_LR]
                                  [--warmup-steps WARMUP_STEPS]
                                  [--grad-clip GRAD_CLIP]
                                  [--fastemit-lambda FASTEMIT_LAMBDA]
                                  [--exp-dir EXP_DIR] [--exp-name EXP_NAME]
                                  [--nemo NEMO | --ckpt CKPT] [--test-only]
_1_fastformer_trans_bpe.py: error: unrecognized arguments:  
